WARNING: All log messages before absl::InitializeLog() is called are written to STDERR
I0000 00:00:1789921591.242858   30472 port.cc:153] oneDNN custom operations are on. You may see slightly different numerical results due to floating-point round-off errors from different computation orders. To turn them off, set the environment variable `TF_ENABLE_ONEDNN_OPTS=0`.
WARNING: All log messages before absl::InitializeLog() is called are written to STDERR
I0000 00:00:1789921596.535836   30472 port.cc:153] oneDNN custom operations are on. You may see slightly different numerical results due to floating-point round-off errors from different computation orders. To turn them off, set the environment variable `TF_ENABLE_ONEDNN_OPTS=0`.
C:\Users\dasa8\OneDrive\Desktop\WasteLens\src\train_rejection.py:143: VisibleDeprecationWarning: dtype(): align should be passed as Python or NumPy boolean but got `align=0`. Did you mean to pass a tuple to create a subarray type? (Deprecated NumPy 2.4)
  d = pickle.load(f, encoding="bytes")
I0000 00:00:1789921630.904713   30472 cpu_feature_guard.cc:227] This TensorFlow binary is optimized to use available CPU instructions in performance-critical operations.
To enable the following instructions: SSE3 SSE4.1 SSE4.2 AVX AVX2 AVX_VNNI FMA, in other operations, rebuild TensorFlow with the appropriate compiler flags.
WARNING:tensorflow:TensorFlow GPU support is not available on native Windows for TensorFlow >= 2.11. Even if CUDA/cuDNN are installed, GPU will not be used. Please use WSL2 or the TensorFlow-DirectML plugin.
Traceback (most recent call last):
  File "C:\Users\dasa8\OneDrive\Desktop\WasteLens\src\train_rejection_frozen.py", line 251, in <module>
    main()
    ~~~~^^
  File "C:\Users\dasa8\OneDrive\Desktop\WasteLens\src\train_rejection_frozen.py", line 243, in main
    fp = freeze_proof(data)
  File "C:\Users\dasa8\OneDrive\Desktop\WasteLens\src\train_rejection_frozen.py", line 123, in freeze_proof
    frozen = build_frozen_dual(base_ckpt)
  File "C:\Users\dasa8\OneDrive\Desktop\WasteLens\src\train_rejection_frozen.py", line 95, in build_frozen_dual
    "bins": tr.BINS_LOSS_WEIGHT,
            ^^^^^^^^^^^^^^^^^^^
AttributeError: module 'train_rejection' has no attribute 'BINS_LOSS_WEIGHT'
