WARNING: All log messages before absl::InitializeLog() is called are written to STDERR
I0000 00:00:1789922141.190762   33068 port.cc:153] oneDNN custom operations are on. You may see slightly different numerical results due to floating-point round-off errors from different computation orders. To turn them off, set the environment variable `TF_ENABLE_ONEDNN_OPTS=0`.
WARNING: All log messages before absl::InitializeLog() is called are written to STDERR
I0000 00:00:1789922143.698771   33068 port.cc:153] oneDNN custom operations are on. You may see slightly different numerical results due to floating-point round-off errors from different computation orders. To turn them off, set the environment variable `TF_ENABLE_ONEDNN_OPTS=0`.
C:\Users\dasa8\OneDrive\Desktop\WasteLens\src\train_rejection.py:143: VisibleDeprecationWarning: dtype(): align should be passed as Python or NumPy boolean but got `align=0`. Did you mean to pass a tuple to create a subarray type? (Deprecated NumPy 2.4)
  d = pickle.load(f, encoding="bytes")
I0000 00:00:1789922165.846264   33068 cpu_feature_guard.cc:227] This TensorFlow binary is optimized to use available CPU instructions in performance-critical operations.
To enable the following instructions: SSE3 SSE4.1 SSE4.2 AVX AVX2 AVX_VNNI FMA, in other operations, rebuild TensorFlow with the appropriate compiler flags.
WARNING:tensorflow:TensorFlow GPU support is not available on native Windows for TensorFlow >= 2.11. Even if CUDA/cuDNN are installed, GPU will not be used. Please use WSL2 or the TensorFlow-DirectML plugin.
I0000 00:00:1789922169.846182   27872 service.cc:153] XLA service 0x275ad1af4e0 initialized for platform Host (this does not guarantee that XLA will be used). Devices:
I0000 00:00:1789922169.846419   27872 service.cc:161]   StreamExecutor [0]: Host, Default Version (Driver: 0.0.0; Runtime: 0.0.0; Toolkit: 0.0.0; DNN: 0.0.0)
I0000 00:00:1789922169.915003   27872 dump_mlir_util.cc:269] disabling MLIR crash reproducer, set env var `MLIR_CRASH_REPRODUCER_DIRECTORY` to enable.
W0000 00:00:1789922170.790167   35320 cpp_gen_intrinsics.cc:74] Empty bitcode string provided for eigen. Optimizations relying on this IR will be disabled.
I0000 00:00:1789922170.964041   27872 device_compiler.h:208] Compiled cluster using XLA!  This line is logged at most once for the lifetime of the process.
C:\Users\dasa8\AppData\Local\Programs\Python\Python313\Lib\site-packages\keras\src\trainers\epoch_iterator.py:74: UserWarning: `shuffle=True` was passed, but will be ignored since the data `x` was provided as a tf.data.Dataset. The Dataset is expected to already be shuffled (via `.shuffle(buffer_size)`).
  self.data_adapter = data_adapters.get_data_adapter(
Traceback (most recent call last):
  File "C:\Users\dasa8\OneDrive\Desktop\WasteLens\scratch\run_frozen.py", line 4, in <module>
    t.main()
    ~~~~~~^^
  File "C:\Users\dasa8\OneDrive\Desktop\WasteLens\src\train_rejection_frozen.py", line 247, in main
    run_training(data, smoke=args.smoke)
    ~~~~~~~~~~~~^^^^^^^^^^^^^^^^^^^^^^^^
  File "C:\Users\dasa8\OneDrive\Desktop\WasteLens\src\train_rejection_frozen.py", line 169, in run_training
    hist = model.fit(tr_ds,
        steps_per_epoch=math.ceil(n_tr / wl.BATCH_SIZE),
    ...<2 lines>...
        epochs=EPOCHS,
        callbacks=[ckpt_every, ckpt_best, tb], verbose=1)
  File "C:\Users\dasa8\AppData\Local\Programs\Python\Python313\Lib\site-packages\keras\src\utils\traceback_utils.py", line 122, in error_handler
    raise e.with_traceback(filtered_tb) from None
  File "C:\Users\dasa8\AppData\Local\Programs\Python\Python313\Lib\site-packages\tensorflow\python\summary\tb_summary.py", line 298, in scalar
    raise TBNotInstalledError("tf.summary.scalar") from exc
tensorflow.python.summary.tb_summary.TBNotInstalledError: TensorBoard is not installed, missing implementation for tf.summary.scalar
