WARNING: All log messages before absl::InitializeLog() is called are written to STDERR
I0000 00:00:1789911275.708453   25972 port.cc:153] oneDNN custom operations are on. You may see slightly different numerical results due to floating-point round-off errors from different computation orders. To turn them off, set the environment variable `TF_ENABLE_ONEDNN_OPTS=0`.
WARNING: All log messages before absl::InitializeLog() is called are written to STDERR
I0000 00:00:1789911285.232920   25972 port.cc:153] oneDNN custom operations are on. You may see slightly different numerical results due to floating-point round-off errors from different computation orders. To turn them off, set the environment variable `TF_ENABLE_ONEDNN_OPTS=0`.
C:\Users\dasa8\OneDrive\Desktop\WasteLens\src\train_rejection.py:143: VisibleDeprecationWarning: dtype(): align should be passed as Python or NumPy boolean but got `align=0`. Did you mean to pass a tuple to create a subarray type? (Deprecated NumPy 2.4)
  d = pickle.load(f, encoding="bytes")
I0000 00:00:1789911318.363369   25972 cpu_feature_guard.cc:227] This TensorFlow binary is optimized to use available CPU instructions in performance-critical operations.
To enable the following instructions: SSE3 SSE4.1 SSE4.2 AVX AVX2 AVX_VNNI FMA, in other operations, rebuild TensorFlow with the appropriate compiler flags.
WARNING:tensorflow:TensorFlow GPU support is not available on native Windows for TensorFlow >= 2.11. Even if CUDA/cuDNN are installed, GPU will not be used. Please use WSL2 or the TensorFlow-DirectML plugin.
C:\Users\dasa8\AppData\Local\Programs\Python\Python313\Lib\site-packages\keras\src\trainers\epoch_iterator.py:74: UserWarning: `shuffle=True` was passed, but will be ignored since the data `x` was provided as a tf.data.Dataset. The Dataset is expected to already be shuffled (via `.shuffle(buffer_size)`).
  self.data_adapter = data_adapters.get_data_adapter(
=== WasteLens rejection-head experiment: dataset + training ===

[1/6] Downloading dataset via kagglehub: mostafaabla/garbage-classification
      cached at: C:\Users\dasa8\.cache\kagglehub\datasets\mostafaabla\garbage-classification\versions\1
[2/6] Scanning image files (dropping classes: clothes, shoes)
      per-class scan:
        battery        945  (expected   945)  ok
        biological     985  (expected   985)  ok
        brown-glass    607  (expected   607)  ok
        cardboard      891  (expected   891)  ok
        green-glass    629  (expected   629)  ok
        metal          769  (expected   769)  ok
        paper         1050  (expected  1050)  ok
        plastic        865  (expected   865)  ok
        trash          697  (expected   697)  ok
        white-glass    775  (expected   775)  ok
      scanned total: 8213 (expected 8213)  ok
[3/6] Remapping 12 classes -> 4 bins
        recyclable      5586
        organic          985
        hazardous        945
        general trash    697
[4/6] Stratified split (70/15/15, stratified by bin, seed=42)

  Class weights (inverse frequency, train split only):
    recyclable      count= 3910  weight=0.368
    organic         count=  689  weight=2.086
    hazardous       count=  662  weight=2.171
    general trash   count=  488  weight=2.945
      hashing supported images for the dedupe guard ...
      manifest -> docs\rejection_experiment\dataset_manifest.json
      eval sets -> docs\rejection_experiment\eval_sets.json
[train] building dual model from models\checkpoints\wastelens_ep09.keras ...
      train: 5749 supported + 8469 unsupported = 14218 images (445 steps)
      val:   1231 supported + 1934 unsupported = 3165 images
      trainable params: 329,221 (heads only)
Epoch 1/10

Epoch 1: val_loss improved from None to 0.07754, saving model to models\checkpoints\wastelens_rej_best.keras

Epoch 1: finished saving model to models\checkpoints\wastelens_rej_best.keras
445/445 - 176s - 396ms/step - bins_loss: 0.0106 - bins_sparse_categorical_accuracy: 0.8562 - loss: 0.0890 - reject_binary_accuracy: 0.9714 - reject_loss: 0.0783 - val_bins_loss: 0.0503 - val_bins_sparse_categorical_accuracy: 0.7712 - val_loss: 0.0775 - val_reject_binary_accuracy: 0.9924 - val_reject_loss: 0.0272
Epoch 2/10

Epoch 2: val_loss improved from 0.07754 to 0.05644, saving model to models\checkpoints\wastelens_rej_best.keras

Epoch 2: finished saving model to models\checkpoints\wastelens_rej_best.keras
445/445 - 159s - 357ms/step - bins_loss: 0.0234 - bins_sparse_categorical_accuracy: 0.8456 - loss: 0.0541 - reject_binary_accuracy: 0.9891 - reject_loss: 0.0306 - val_bins_loss: 0.0371 - val_bins_sparse_categorical_accuracy: 0.9055 - val_loss: 0.0564 - val_reject_binary_accuracy: 0.9912 - val_reject_loss: 0.0192
Epoch 3/10

Epoch 3: val_loss improved from 0.05644 to 0.04358, saving model to models\checkpoints\wastelens_rej_best.keras

Epoch 3: finished saving model to models\checkpoints\wastelens_rej_best.keras
445/445 - 162s - 364ms/step - bins_loss: 0.0127 - bins_sparse_categorical_accuracy: 0.9164 - loss: 0.0361 - reject_binary_accuracy: 0.9913 - reject_loss: 0.0234 - val_bins_loss: 0.0306 - val_bins_sparse_categorical_accuracy: 0.8863 - val_loss: 0.0436 - val_reject_binary_accuracy: 0.9959 - val_reject_loss: 0.0130
Epoch 4/10

Epoch 4: val_loss improved from 0.04358 to 0.04200, saving model to models\checkpoints\wastelens_rej_best.keras

Epoch 4: finished saving model to models\checkpoints\wastelens_rej_best.keras
445/445 - 175s - 393ms/step - bins_loss: 0.0120 - bins_sparse_categorical_accuracy: 0.8759 - loss: 0.0276 - reject_binary_accuracy: 0.9947 - reject_loss: 0.0155 - val_bins_loss: 0.0293 - val_bins_sparse_categorical_accuracy: 0.9434 - val_loss: 0.0420 - val_reject_binary_accuracy: 0.9962 - val_reject_loss: 0.0126
Epoch 5/10

Epoch 5: val_loss did not improve from 0.04200
445/445 - 204s - 459ms/step - bins_loss: 0.0078 - bins_sparse_categorical_accuracy: 0.8740 - loss: 0.0195 - reject_binary_accuracy: 0.9959 - reject_loss: 0.0118 - val_bins_loss: 0.0273 - val_bins_sparse_categorical_accuracy: 0.8367 - val_loss: 0.0458 - val_reject_binary_accuracy: 0.9918 - val_reject_loss: 0.0184
Epoch 6/10

Epoch 6: val_loss improved from 0.04200 to 0.04073, saving model to models\checkpoints\wastelens_rej_best.keras

Epoch 6: finished saving model to models\checkpoints\wastelens_rej_best.keras
445/445 - 179s - 403ms/step - bins_loss: 0.0102 - bins_sparse_categorical_accuracy: 0.8536 - loss: 0.0201 - reject_binary_accuracy: 0.9959 - reject_loss: 0.0098 - val_bins_loss: 0.0277 - val_bins_sparse_categorical_accuracy: 0.8133 - val_loss: 0.0407 - val_reject_binary_accuracy: 0.9956 - val_reject_loss: 0.0130
Epoch 7/10

Epoch 7: val_loss did not improve from 0.04073
445/445 - 180s - 404ms/step - bins_loss: 0.0070 - bins_sparse_categorical_accuracy: 0.8485 - loss: 0.0166 - reject_binary_accuracy: 0.9964 - reject_loss: 0.0096 - val_bins_loss: 0.0725 - val_bins_sparse_categorical_accuracy: 0.9172 - val_loss: 0.0855 - val_reject_binary_accuracy: 0.9943 - val_reject_loss: 0.0129
Epoch 8/10

Epoch 8: val_loss did not improve from 0.04073
445/445 - 178s - 400ms/step - bins_loss: 0.0110 - bins_sparse_categorical_accuracy: 0.8789 - loss: 0.0198 - reject_binary_accuracy: 0.9970 - reject_loss: 0.0087 - val_bins_loss: 0.0478 - val_bins_sparse_categorical_accuracy: 0.8919 - val_loss: 0.0549 - val_reject_binary_accuracy: 0.9978 - val_reject_loss: 0.0071
Epoch 9/10

Epoch 9: val_loss did not improve from 0.04073
445/445 - 177s - 398ms/step - bins_loss: 0.0091 - bins_sparse_categorical_accuracy: 0.8679 - loss: 0.0158 - reject_binary_accuracy: 0.9975 - reject_loss: 0.0066 - val_bins_loss: 0.0524 - val_bins_sparse_categorical_accuracy: 0.8957 - val_loss: 0.0621 - val_reject_binary_accuracy: 0.9962 - val_reject_loss: 0.0097
      fit wall time: 1590s

Done. Evaluate with: python src/eval_rejection.py
